Flow report for 7segment_indicator_practice
Mon Feb  3 19:56:54 2025
Quartus Prime Version 21.1.1 Build 850 06/23/2022 SJ Lite Edition


---------------------
; Table of Contents ;
---------------------
  1. Legal Notice
  2. Flow Summary
  3. Flow Settings
  4. Flow Non-Default Global Settings
  5. Flow Elapsed Time
  6. Flow OS Summary
  7. Flow Log
  8. Flow Messages
  9. Flow Suppressed Messages



----------------
; Legal Notice ;
----------------
Copyright (C) 2022  Intel Corporation. All rights reserved.
Your use of Intel Corporation's design tools, logic functions 
and other software and tools, and any partner logic 
functions, and any output files from any of the foregoing 
(including device programming or simulation files), and any 
associated documentation or information are expressly subject 
to the terms and conditions of the Intel Program License 
Subscription Agreement, the Intel Quartus Prime License Agreement,
the Intel FPGA IP License Agreement, or other applicable license
agreement, including, without limitation, that your use is for
the sole purpose of programming logic devices manufactured by
Intel and sold by Intel or its authorized distributors.  Please
refer to the applicable agreement for further details, at
https://fpgasoftware.intel.com/eula.



+----------------------------------------------------------------------------------+
; Flow Summary                                                                     ;
+------------------------------------+---------------------------------------------+
; Flow Status                        ; Successful - Mon Feb  3 19:56:50 2025       ;
; Quartus Prime Version              ; 21.1.1 Build 850 06/23/2022 SJ Lite Edition ;
; Revision Name                      ; 7segment_indicator_practice                 ;
; Top-level Entity Name              ; seven_segment_indicator_practice            ;
; Family                             ; Cyclone IV E                                ;
; Device                             ; EP4CE10E22C8                                ;
; Timing Models                      ; Final                                       ;
; Total logic elements               ; 62 / 10,320 ( < 1 % )                       ;
;     Total combinational functions  ; 62 / 10,320 ( < 1 % )                       ;
;     Dedicated logic registers      ; 36 / 10,320 ( < 1 % )                       ;
; Total registers                    ; 36                                          ;
; Total pins                         ; 18 / 92 ( 20 % )                            ;
; Total virtual pins                 ; 0                                           ;
; Total memory bits                  ; 0 / 423,936 ( 0 % )                         ;
; Embedded Multiplier 9-bit elements ; 0 / 46 ( 0 % )                              ;
; Total PLLs                         ; 0 / 2 ( 0 % )                               ;
+------------------------------------+---------------------------------------------+


+-------------------------------------------------+
; Flow Settings                                   ;
+-------------------+-----------------------------+
; Option            ; Setting                     ;
+-------------------+-----------------------------+
; Start date & time ; 02/03/2025 19:56:32         ;
; Main task         ; Compilation                 ;
; Revision Name     ; 7segment_indicator_practice ;
+-------------------+-----------------------------+


+------------------------------------------------------------------------------------------------------------------------------------------------------------+
; Flow Non-Default Global Settings                                                                                                                           ;
+-------------------------------------+----------------------------------------+-----------------------------+----------------------------------+------------+
; Assignment Name                     ; Value                                  ; Default Value               ; Entity Name                      ; Section Id ;
+-------------------------------------+----------------------------------------+-----------------------------+----------------------------------+------------+
; COMPILER_SIGNATURE_ID               ; 2544454807368.173860179227952          ; --                          ; --                               ; --         ;
; MAX_CORE_JUNCTION_TEMP              ; 85                                     ; --                          ; --                               ; --         ;
; MIN_CORE_JUNCTION_TEMP              ; 0                                      ; --                          ; --                               ; --         ;
; NOMINAL_CORE_SUPPLY_VOLTAGE         ; 1.2V                                   ; --                          ; --                               ; --         ;
; PARTITION_COLOR                     ; -- (Not supported for targeted family) ; --                          ; seven_segment_indicator_practice ; Top        ;
; PARTITION_FITTER_PRESERVATION_LEVEL ; -- (Not supported for targeted family) ; --                          ; seven_segment_indicator_practice ; Top        ;
; PARTITION_NETLIST_TYPE              ; -- (Not supported for targeted family) ; --                          ; seven_segment_indicator_practice ; Top        ;
; PROJECT_OUTPUT_DIRECTORY            ; output_files                           ; --                          ; --                               ; --         ;
; TOP_LEVEL_ENTITY                    ; seven_segment_indicator_practice       ; 7segment_indicator_practice ; --                               ; --         ;
+-------------------------------------+----------------------------------------+-----------------------------+----------------------------------+------------+


+--------------------------------------------------------------------------------------------------------------------------+
; Flow Elapsed Time                                                                                                        ;
+----------------------+--------------+-------------------------+---------------------+------------------------------------+
; Module Name          ; Elapsed Time ; Average Processors Used ; Peak Virtual Memory ; Total CPU Time (on all processors) ;
+----------------------+--------------+-------------------------+---------------------+------------------------------------+
; Analysis & Synthesis ; 00:00:10     ; 1.0                     ; 4774 MB             ; 00:00:23                           ;
; Fitter               ; 00:00:05     ; 1.0                     ; 5499 MB             ; 00:00:05                           ;
; Assembler            ; 00:00:02     ; 1.0                     ; 4706 MB             ; 00:00:02                           ;
; Timing Analyzer      ; 00:00:03     ; 1.0                     ; 4779 MB             ; 00:00:02                           ;
; Total                ; 00:00:20     ; --                      ; --                  ; 00:00:32                           ;
+----------------------+--------------+-------------------------+---------------------+------------------------------------+


+------------------------------------------------------------------------------------+
; Flow OS Summary                                                                    ;
+----------------------+------------------+------------+------------+----------------+
; Module Name          ; Machine Hostname ; OS Name    ; OS Version ; Processor type ;
+----------------------+------------------+------------+------------+----------------+
; Analysis & Synthesis ; LAPTOP-RKT4I65P  ; Windows 10 ; 10.0       ; x86_64         ;
; Fitter               ; LAPTOP-RKT4I65P  ; Windows 10 ; 10.0       ; x86_64         ;
; Assembler            ; LAPTOP-RKT4I65P  ; Windows 10 ; 10.0       ; x86_64         ;
; Timing Analyzer      ; LAPTOP-RKT4I65P  ; Windows 10 ; 10.0       ; x86_64         ;
+----------------------+------------------+------------+------------+----------------+


------------
; Flow Log ;
------------
quartus_map --read_settings_files=on --write_settings_files=off 7segment_indicator_practice -c 7segment_indicator_practice
quartus_fit --read_settings_files=off --write_settings_files=off 7segment_indicator_practice -c 7segment_indicator_practice
quartus_asm --read_settings_files=off --write_settings_files=off 7segment_indicator_practice -c 7segment_indicator_practice
quartus_sta 7segment_indicator_practice -c 7segment_indicator_practice



